Reading [PATH]
Collection: bafkr4idyzqc7g2wggwyo6dos7z3qwi2keus46kmk3ljh2hg5ezpnd7jnqy

PeerID: oK2O4t8twxqe3mUiv_aRds2ZDS-ln03b-oU2KvI8qpU
Auth token: uyfZLJHxXhyrL3T2FG7waiAh214H0fETxVqzAdYHGX0
All-in-one ticket: IHjMBfNqxjWw7w3S_ncLI0olJc8pitrSfRzdJl7R_S2GIKCtjuLfLcMant5lIr_2kXbNmQ0vpZ9N2_qFNiryPKqVAH8AAAHG0gK7J9kskfFeHKsvdPYUbvBqICHbXgfR8RPFWrMB1gcZfQ
