Reading [PATH]
Collection: bafkr4ict7dy3iohmc4xpupfxnoogwcfgily7vukhxuwooje6ph7h775wtq

PeerID: oK2O4t8twxqe3mUiv_aRds2ZDS-ln03b-oU2KvI8qpU
Auth token: uyfZLJHxXhyrL3T2FG7waiAh214H0fETxVqzAdYHGX0
All-in-one ticket: IFP48bQ47Bcu-jy3a5xrCKZC8frRR70s5ySeef5__7acIKCtjuLfLcMant5lIr_2kXbNmQ0vpZ9N2_qFNiryPKqVAH8AAAHF0gK7J9kskfFeHKsvdPYUbvBqICHbXgfR8RPFWrMB1gcZfQ
